// Jest Snapshot v1, https://goo.gl/fbAQLP

exports[`renders the loading screen 1`] = `<ExponentAppLoading />`;

exports[`renders the root without loading screen 1`] = `
<View
  style={
    Object {
      "backgroundColor": "#fff",
      "flex": 1,
    }
  }
>
  <View
    onLayout={[Function]}
    style={
      Array [
        Object {
          "flex": 1,
        },
      ]
    }
  >
    <View
      onMoveShouldSetResponder={[Function]}
      onMoveShouldSetResponderCapture={[Function]}
      onResponderEnd={[Function]}
      onResponderGrant={[Function]}
      onResponderMove={[Function]}
      onResponderReject={[Function]}
      onResponderRelease={[Function]}
      onResponderStart={[Function]}
      onResponderTerminate={[Function]}
      onResponderTerminationRequest={[Function]}
      onStartShouldSetResponder={[Function]}
      onStartShouldSetResponderCapture={[Function]}
      style={
        Array [
          Object {
            "flex": 1,
            "flexDirection": "column-reverse",
          },
          Object {
            "backgroundColor": "#000",
          },
        ]
      }
    >
      <View
        style={
          Object {
            "flex": 1,
          }
        }
      >
        <View
          collapsable={undefined}
          pointerEvents="auto"
          style={
            Object {
              "backgroundColor": "#E9E9EF",
              "bottom": 0,
              "left": 0,
              "opacity": 1,
              "position": "absolute",
              "right": 0,
              "shadowColor": "black",
              "shadowOffset": Object {
                "height": 0,
                "width": 0,
              },
              "shadowOpacity": 0.2,
              "shadowRadius": 5,
              "top": 0,
              "transform": Array [
                Object {
                  "translateX": 0,
                },
                Object {
                  "translateY": 0,
                },
              ],
            }
          }
        >
          <View
            loaded={
              Array [
                0,
              ]
            }
            onLayout={[Function]}
            style={
              Array [
                Object {
                  "flex": 1,
                  "overflow": "hidden",
                },
                Object {
                  "flex": 1,
                },
              ]
            }
          >
            <View
              collapsable={undefined}
              onMoveShouldSetResponder={[Function]}
              onMoveShouldSetResponderCapture={[Function]}
              onResponderEnd={[Function]}
              onResponderGrant={[Function]}
              onResponderMove={[Function]}
              onResponderReject={[Function]}
              onResponderRelease={[Function]}
              onResponderStart={[Function]}
              onResponderTerminate={[Function]}
              onResponderTerminationRequest={[Function]}
              onStartShouldSetResponder={[Function]}
              onStartShouldSetResponderCapture={[Function]}
              style={
                Object {
                  "alignItems": "stretch",
                  "flex": 1,
                  "flexDirection": "row",
                }
              }
            >
              <View
                style={
                  Object {
                    "bottom": 0,
                    "left": 0,
                    "position": "absolute",
                    "right": 0,
                    "top": 0,
                  }
                }
                testID={undefined}
              >
                <View
                  style={
                    Object {
                      "flex": 1,
                      "overflow": "hidden",
                    }
                  }
                >
                  <View
                    style={
                      Object {
                        "flex": 1,
                        "marginTop": 40,
                      }
                    }
                  >
                    <View
                      style={
                        Object {
                          "flex": 1,
                          "marginLeft": 30,
                        }
                      }
                    >
                      <Text
                        accessible={true}
                        allowFontScaling={true}
                        disabled={false}
                        ellipsizeMode="tail"
                        style={
                          Object {
                            "fontSize": 30,
                            "marginBottom": 30,
                            "marginTop": 30,
                          }
                        }
                      >
                        I need a room in 
                        NYC
                        .
                      </Text>
                      <View
                        style={
                          Object {
                            "flex": 1,
                          }
                        }
                      >
                        <View>
                          <View
                            style={
                              Object {
                                "alignItems": "flex-end",
                                "flex": 1,
                                "flexDirection": "row",
                                "marginBottom": 30,
                              }
                            }
                          >
                            <Text
                              accessible={true}
                              allowFontScaling={true}
                              disabled={false}
                              ellipsizeMode="tail"
                              style={
                                Object {
                                  "color": "#555555",
                                  "width": 50,
                                }
                              }
                            >
                              Start
                            </Text>
                            <View
                              accessibilityComponentType={undefined}
                              accessibilityLabel={undefined}
                              accessibilityTraits={undefined}
                              accessible={true}
                              hasTVPreferredFocus={undefined}
                              hitSlop={undefined}
                              isTVSelectable={true}
                              nativeID={undefined}
                              onLayout={undefined}
                              onResponderGrant={[Function]}
                              onResponderMove={[Function]}
                              onResponderRelease={[Function]}
                              onResponderTerminate={[Function]}
                              onResponderTerminationRequest={[Function]}
                              onStartShouldSetResponder={[Function]}
                              style={
                                Array [
                                  Object {
                                    "backgroundColor": "transparent",
                                  },
                                  undefined,
                                ]
                              }
                              testID={undefined}
                              tvParallaxProperties={undefined}
                            >
                              <Text
                                accessible={true}
                                allowFontScaling={true}
                                disabled={false}
                                ellipsizeMode="tail"
                                style={
                                  Object {
                                    "color": "tomato",
                                    "fontSize": 18,
                                  }
                                }
                              >
                                Friday Nov 17 at 8:54 am
                              </Text>
                            </View>
                          </View>
                          <Modal
                            hardwareAccelerated={false}
                            visible={false}
                          >
                            <Text
                              accessible={true}
                              allowFontScaling={true}
                              disabled={false}
                              ellipsizeMode="tail"
                              style={
                                Object {
                                  "fontSize": 30,
                                  "fontWeight": "bold",
                                  "marginBottom": 50,
                                  "marginLeft": 30,
                                  "marginTop": 60,
                                }
                              }
                            >
                              Start
                               time
                            </Text>
                            <View
                              style={undefined}
                            >
                              <RCTDatePicker
                                date={1510934060525}
                                maximumDate={1510937660525}
                                minimumDate={undefined}
                                minuteInterval={15}
                                mode="datetime"
                                onChange={[Function]}
                                onResponderTerminationRequest={[Function]}
                                onStartShouldSetResponder={[Function]}
                                style={
                                  Object {
                                    "height": 216,
                                  }
                                }
                                timeZoneOffsetInMinutes={undefined}
                              />
                            </View>
                            <View
                              accessibilityComponentType="button"
                              accessibilityLabel={undefined}
                              accessibilityTraits={
                                Array [
                                  "button",
                                ]
                              }
                              accessible={true}
                              collapsable={undefined}
                              hitSlop={undefined}
                              isTVSelectable={true}
                              nativeID={undefined}
                              onLayout={undefined}
                              onResponderGrant={[Function]}
                              onResponderMove={[Function]}
                              onResponderRelease={[Function]}
                              onResponderTerminate={[Function]}
                              onResponderTerminationRequest={[Function]}
                              onStartShouldSetResponder={[Function]}
                              style={
                                Object {
                                  "opacity": 1,
                                }
                              }
                              testID={undefined}
                              tvParallaxProperties={undefined}
                            >
                              <View
                                style={
                                  Array [
                                    Object {},
                                  ]
                                }
                              >
                                <Text
                                  accessible={true}
                                  allowFontScaling={true}
                                  disabled={false}
                                  ellipsizeMode="tail"
                                  style={
                                    Array [
                                      Object {
                                        "color": "#007AFF",
                                        "fontSize": 18,
                                        "padding": 8,
                                        "textAlign": "center",
                                      },
                                      Object {
                                        "color": "#dddddd",
                                      },
                                    ]
                                  }
                                >
                                  OK
                                </Text>
                              </View>
                            </View>
                          </Modal>
                        </View>
                        <View>
                          <View
                            style={
                              Object {
                                "alignItems": "flex-end",
                                "flex": 1,
                                "flexDirection": "row",
                                "marginBottom": 30,
                              }
                            }
                          >
                            <Text
                              accessible={true}
                              allowFontScaling={true}
                              disabled={false}
                              ellipsizeMode="tail"
                              style={
                                Object {
                                  "color": "#555555",
                                  "width": 50,
                                }
                              }
                            >
                              End
                            </Text>
                            <View
                              accessibilityComponentType={undefined}
                              accessibilityLabel={undefined}
                              accessibilityTraits={undefined}
                              accessible={true}
                              hasTVPreferredFocus={undefined}
                              hitSlop={undefined}
                              isTVSelectable={true}
                              nativeID={undefined}
                              onLayout={undefined}
                              onResponderGrant={[Function]}
                              onResponderMove={[Function]}
                              onResponderRelease={[Function]}
                              onResponderTerminate={[Function]}
                              onResponderTerminationRequest={[Function]}
                              onStartShouldSetResponder={[Function]}
                              style={
                                Array [
                                  Object {
                                    "backgroundColor": "transparent",
                                  },
                                  undefined,
                                ]
                              }
                              testID={undefined}
                              tvParallaxProperties={undefined}
                            >
                              <Text
                                accessible={true}
                                allowFontScaling={true}
                                disabled={false}
                                ellipsizeMode="tail"
                                style={
                                  Object {
                                    "color": "tomato",
                                    "fontSize": 18,
                                  }
                                }
                              >
                                Friday Nov 17 at 9:54 am
                              </Text>
                            </View>
                          </View>
                          <Modal
                            hardwareAccelerated={false}
                            visible={false}
                          >
                            <Text
                              accessible={true}
                              allowFontScaling={true}
                              disabled={false}
                              ellipsizeMode="tail"
                              style={
                                Object {
                                  "fontSize": 30,
                                  "fontWeight": "bold",
                                  "marginBottom": 50,
                                  "marginLeft": 30,
                                  "marginTop": 60,
                                }
                              }
                            >
                              End
                               time
                            </Text>
                            <View
                              style={undefined}
                            >
                              <RCTDatePicker
                                date={1510937660525}
                                maximumDate={undefined}
                                minimumDate={1510934060525}
                                minuteInterval={15}
                                mode="datetime"
                                onChange={[Function]}
                                onResponderTerminationRequest={[Function]}
                                onStartShouldSetResponder={[Function]}
                                style={
                                  Object {
                                    "height": 216,
                                  }
                                }
                                timeZoneOffsetInMinutes={undefined}
                              />
                            </View>
                            <View
                              accessibilityComponentType="button"
                              accessibilityLabel={undefined}
                              accessibilityTraits={
                                Array [
                                  "button",
                                ]
                              }
                              accessible={true}
                              collapsable={undefined}
                              hitSlop={undefined}
                              isTVSelectable={true}
                              nativeID={undefined}
                              onLayout={undefined}
                              onResponderGrant={[Function]}
                              onResponderMove={[Function]}
                              onResponderRelease={[Function]}
                              onResponderTerminate={[Function]}
                              onResponderTerminationRequest={[Function]}
                              onStartShouldSetResponder={[Function]}
                              style={
                                Object {
                                  "opacity": 1,
                                }
                              }
                              testID={undefined}
                              tvParallaxProperties={undefined}
                            >
                              <View
                                style={
                                  Array [
                                    Object {},
                                  ]
                                }
                              >
                                <Text
                                  accessible={true}
                                  allowFontScaling={true}
                                  disabled={false}
                                  ellipsizeMode="tail"
                                  style={
                                    Array [
                                      Object {
                                        "color": "#007AFF",
                                        "fontSize": 18,
                                        "padding": 8,
                                        "textAlign": "center",
                                      },
                                      Object {
                                        "color": "#dddddd",
                                      },
                                    ]
                                  }
                                >
                                  OK
                                </Text>
                              </View>
                            </View>
                          </Modal>
                        </View>
                      </View>
                    </View>
                    <View
                      style={
                        Object {
                          "flex": 1,
                        }
                      }
                    >
                      <View
                        style={
                          Object {
                            "backgroundColor": "rgb(170, 207, 23)",
                            "height": 5,
                          }
                        }
                      />
                      <View
                        accessibilityComponentType={undefined}
                        accessibilityLabel={undefined}
                        accessibilityTraits={undefined}
                        accessible={true}
                        hasTVPreferredFocus={undefined}
                        hitSlop={undefined}
                        isTVSelectable={true}
                        nativeID={undefined}
                        onLayout={undefined}
                        onResponderGrant={[Function]}
                        onResponderMove={[Function]}
                        onResponderRelease={[Function]}
                        onResponderTerminate={[Function]}
                        onResponderTerminationRequest={[Function]}
                        onStartShouldSetResponder={[Function]}
                        style={
                          Array [
                            Object {
                              "backgroundColor": "transparent",
                            },
                            undefined,
                          ]
                        }
                        testID={undefined}
                        tvParallaxProperties={undefined}
                      >
                        <View
                          style={
                            Object {
                              "alignItems": "center",
                              "backgroundColor": "tomato",
                              "flex": 1,
                              "justifyContent": "center",
                              "padding": 30,
                            }
                          }
                        >
                          <Text
                            accessible={true}
                            allowFontScaling={true}
                            disabled={false}
                            ellipsizeMode="tail"
                            style={
                              Object {
                                "color": "white",
                                "fontSize": 20,
                                "fontWeight": "bold",
                              }
                            }
                          >
                            Bookit
                          </Text>
                        </View>
                      </View>
                    </View>
                    <View
                      style={
                        Object {
                          "flex": 1,
                        }
                      }
                    >
                      <RCTScrollView
                        data={Array []}
                        disableVirtualization={false}
                        extraData={
                          Object {
                            "bookableId": 1001,
                            "end": "2017-11-17T16:54:20.525Z",
                            "location": "NYC",
                            "start": "2017-11-17T15:54:20.525Z",
                          }
                        }
                        getItem={[Function]}
                        getItemCount={[Function]}
                        horizontal={false}
                        initialNumToRender={10}
                        keyExtractor={[Function]}
                        maxToRenderPerBatch={10}
                        numColumns={1}
                        onContentSizeChange={[Function]}
                        onEndReachedThreshold={2}
                        onLayout={[Function]}
                        onMomentumScrollEnd={[Function]}
                        onScroll={[Function]}
                        onScrollBeginDrag={[Function]}
                        onScrollEndDrag={[Function]}
                        onViewableItemsChanged={undefined}
                        renderItem={[Function]}
                        scrollEventThrottle={50}
                        stickyHeaderIndices={Array []}
                        updateCellsBatchingPeriod={50}
                        windowSize={21}
                      >
                        <View />
                      </RCTScrollView>
                    </View>
                  </View>
                </View>
              </View>
              <View
                style={null}
                testID={undefined}
              />
            </View>
            <View
              collapsable={undefined}
            >
              <View
                onLayout={[Function]}
                style={
                  Object {
                    "backgroundColor": "#F7F7F7",
                    "borderTopColor": "rgba(0, 0, 0, .3)",
                    "borderTopWidth": 0.5,
                    "flexDirection": "row",
                    "height": 49,
                    "paddingBottom": 0,
                    "paddingLeft": 0,
                    "paddingRight": 0,
                    "paddingTop": 0,
                  }
                }
              >
                <View
                  accessibilityComponentType={undefined}
                  accessibilityLabel={undefined}
                  accessibilityTraits={undefined}
                  accessible={true}
                  collapsable={undefined}
                  hitSlop={undefined}
                  nativeID={undefined}
                  onLayout={undefined}
                  onResponderGrant={[Function]}
                  onResponderMove={[Function]}
                  onResponderRelease={[Function]}
                  onResponderTerminate={[Function]}
                  onResponderTerminationRequest={[Function]}
                  onStartShouldSetResponder={[Function]}
                  style={
                    Object {
                      "alignItems": "center",
                      "backgroundColor": "rgba(0, 0, 0, 0)",
                      "flex": 1,
                      "justifyContent": "flex-end",
                    }
                  }
                  testID={undefined}
                >
                  <View
                    style={
                      Object {
                        "flexGrow": 1,
                      }
                    }
                  >
                    <View
                      collapsable={undefined}
                      style={
                        Object {
                          "alignItems": "center",
                          "bottom": 0,
                          "justifyContent": "center",
                          "left": 0,
                          "opacity": 1,
                          "position": "absolute",
                          "right": 0,
                          "top": 0,
                        }
                      }
                    >
                      <Text
                        accessible={true}
                        allowFontScaling={false}
                        disabled={false}
                        ellipsizeMode="tail"
                        style={
                          Array [
                            Object {
                              "color": "#2f95dc",
                              "fontSize": 28,
                            },
                            Object {
                              "marginBottom": -3,
                            },
                            Object {
                              "fontFamily": "ionicons",
                              "fontStyle": "normal",
                              "fontWeight": "normal",
                            },
                          ]
                        }
                      >
                        
                      </Text>
                    </View>
                    <View
                      collapsable={undefined}
                      style={
                        Object {
                          "alignItems": "center",
                          "bottom": 0,
                          "justifyContent": "center",
                          "left": 0,
                          "opacity": 0,
                          "position": "absolute",
                          "right": 0,
                          "top": 0,
                        }
                      }
                    >
                      <Text
                        accessible={true}
                        allowFontScaling={false}
                        disabled={false}
                        ellipsizeMode="tail"
                        style={
                          Array [
                            Object {
                              "color": "#ccc",
                              "fontSize": 28,
                            },
                            Object {
                              "marginBottom": -3,
                            },
                            Object {
                              "fontFamily": "ionicons",
                              "fontStyle": "normal",
                              "fontWeight": "normal",
                            },
                          ]
                        }
                      >
                        
                      </Text>
                    </View>
                  </View>
                  <Text
                    accessible={true}
                    allowFontScaling={true}
                    collapsable={undefined}
                    disabled={false}
                    ellipsizeMode="tail"
                    style={
                      Object {
                        "backgroundColor": "transparent",
                        "color": "rgba(52, 120, 246, 1)",
                        "fontSize": 10,
                        "marginBottom": 1.5,
                        "marginLeft": 0,
                        "marginTop": 0,
                        "textAlign": "center",
                      }
                    }
                  >
                    Home
                  </Text>
                </View>
                <View
                  accessibilityComponentType={undefined}
                  accessibilityLabel={undefined}
                  accessibilityTraits={undefined}
                  accessible={true}
                  collapsable={undefined}
                  hitSlop={undefined}
                  nativeID={undefined}
                  onLayout={undefined}
                  onResponderGrant={[Function]}
                  onResponderMove={[Function]}
                  onResponderRelease={[Function]}
                  onResponderTerminate={[Function]}
                  onResponderTerminationRequest={[Function]}
                  onStartShouldSetResponder={[Function]}
                  style={
                    Object {
                      "alignItems": "center",
                      "backgroundColor": "rgba(0, 0, 0, 0)",
                      "flex": 1,
                      "justifyContent": "flex-end",
                    }
                  }
                  testID={undefined}
                >
                  <View
                    style={
                      Object {
                        "flexGrow": 1,
                      }
                    }
                  >
                    <View
                      collapsable={undefined}
                      style={
                        Object {
                          "alignItems": "center",
                          "bottom": 0,
                          "justifyContent": "center",
                          "left": 0,
                          "opacity": 0,
                          "position": "absolute",
                          "right": 0,
                          "top": 0,
                        }
                      }
                    >
                      <Text
                        accessible={true}
                        allowFontScaling={false}
                        disabled={false}
                        ellipsizeMode="tail"
                        style={
                          Array [
                            Object {
                              "color": "#2f95dc",
                              "fontSize": 28,
                            },
                            Object {
                              "marginBottom": -3,
                            },
                            Object {
                              "fontFamily": "ionicons",
                              "fontStyle": "normal",
                              "fontWeight": "normal",
                            },
                          ]
                        }
                      >
                        
                      </Text>
                    </View>
                    <View
                      collapsable={undefined}
                      style={
                        Object {
                          "alignItems": "center",
                          "bottom": 0,
                          "justifyContent": "center",
                          "left": 0,
                          "opacity": 1,
                          "position": "absolute",
                          "right": 0,
                          "top": 0,
                        }
                      }
                    >
                      <Text
                        accessible={true}
                        allowFontScaling={false}
                        disabled={false}
                        ellipsizeMode="tail"
                        style={
                          Array [
                            Object {
                              "color": "#ccc",
                              "fontSize": 28,
                            },
                            Object {
                              "marginBottom": -3,
                            },
                            Object {
                              "fontFamily": "ionicons",
                              "fontStyle": "normal",
                              "fontWeight": "normal",
                            },
                          ]
                        }
                      >
                        
                      </Text>
                    </View>
                  </View>
                  <Text
                    accessible={true}
                    allowFontScaling={true}
                    collapsable={undefined}
                    disabled={false}
                    ellipsizeMode="tail"
                    style={
                      Object {
                        "backgroundColor": "transparent",
                        "color": "rgba(146, 146, 146, 1)",
                        "fontSize": 10,
                        "marginBottom": 1.5,
                        "marginLeft": 0,
                        "marginTop": 0,
                        "textAlign": "center",
                      }
                    }
                  >
                    Bookings
                  </Text>
                </View>
              </View>
            </View>
          </View>
        </View>
      </View>
    </View>
  </View>
</View>
`;
